// Jest Snapshot v1, https://goo.gl/fbAQLP

exports[`<Home/> renders correctly 1`] = `
<div
  className="view-wrapper"
>
  <div
    className="search"
  >
    <i
      aria-hidden="true"
      className="fa fa-search"
    />
    <input
      onChange={[Function]}
      onKeyPress={[Function]}
      placeholder="Search..."
      type="text"
    />
  </div>
</div>
`;
